Turbo Assembler	 Version 3.1	    01/14/24 21:30:29	    Page 1
SOURCE\lab4.ASM



      1				     ASSUME CS:Code, DS:Data, SS:Ourstack ;Назначить сегментные ;регистры
      2	0000			     Data SEGMENT ;Открыть сегмент данных
      3	0000  20			 A DB 32 ;Инициализировать
      4	0001  0F			 B DB 0Fh ;переменные	A, B, C, D, X
      5	0002  50			 C DB 80
      6	0003  02			 D DB 2
      7	0004  ????			 X DW ?
      8	0006			     Data ENDS ;Закрыть сегмент данных
      9
     10	0000			     Ourstack SEGMENT Stack ;Открыть сегмент стека
     11	0000  0100*(??)			 DB 100h DUP (?) ;Отвести под	стек 256 байт
     12	0100			     Ourstack ENDS ;Закрыть сегмент стека
     13
     14	0000			     Code SEGMENT   ;Открыть сегмент кодов
     15	0000  B8 0000s			 Start:	mov AX,	Data ;Инициализировать
     16	0003  8E D8			 mov DS, AX ;сегментный регистр DS
     17	0005  33 C0			 xor AX, AX ;Очистить регистр AX
     18
     19	0007  A0 0001r			     mov AL, B
     20	000A  FE C0			     inc AL ; B	+ 1
     21
     22	000C  F6 26 0000r		     mul A ; A *(B + 1)
     23
     24	0010  F6 36 0002r		     div C ; (A	* (B + 1)) / C
     25
     26	0014  2A 06 0003r		     sub AL, D;	(A * (B	+ 1)) /	C - D
     27
     28	0018  B4 00			     mov AH, 0 ; очистка	остатка от деления
     29	001A  A3 0004r			     mov X, AX;	результат в переменную X
     30
     31	001D  B8 4C00			 mov AX, 4C00h ;Завершить программу
     32	0020  CD 21			 int 21h ;с помощью DOS
     33	0022			     Code ENDS ;Закрыть сегмент кодов
     34				     END Start ;Конец исходного модуля
