Turbo Assembler	 Version 3.1	    01/14/24 22:15:22	    Page 1
SOURCE\lab7_1.ASM



      1	0000			     .MODEL SMALL
      2	0000			     .STACK 256
      3	0000			     .DATA
      4	0000  4F 75 72 20 4E 61	74+	     WORKTEXT DB 'Our Native Town with Happy People', 13, 10, '$'
      5	      69 76 65 20 54 6F	77+
      6	      6E 20 77 69 74 68	20+
      7	      48 61 70 70 79 20	50+
      8	      65 6F 70 6C 65 0D	0A+
      9	      24
     10	      =0021			     strlen equ	($ - WORKTEXT) - 3
     11	0024			     .CODE
     12
     13	0000			     Start:
     14	0000  B8 0000s			     MOV AX , @DATA ; загрузка адреса сегмента данных
     15	0003  8E D8			     MOV DS , AX
     16
     17	0005  33 C0			     XOR AX , AX
     18	0007  BB 0000r			     LEA BX , WORKTEXT
     19	000A  B9 0021			     MOV CX , strlen
     20
     21	000D  BA 0000r			     LEA DX, WORKTEXT
     22	0010  B4 09			     MOV AH, 09h ; вывод строки на	консоль
     23	0012  CD 21			     INT 21h
     24
     25	0014				     CYCLE:
     26	0014  8A 27				     MOV AH , [BX] ; загрузка кода текущего	символа	в AH
     27
     28	0016  80 FC 20				     CMP AH, 020h ; сравнение с ASCII	' '
     29	0019  75 03				     JNE SKIP ;	не ' ' - пропуск
     30	001B  E8 0022				     CALL ToExclamation	; равно ' '  - замена на '!'
     31	001E					     SKIP:
     32
     33	001E  80 FC 41				     CMP AH , 41h ; сравнение с ASCII	'A'
     34	0021  72 08				     JB	NEXT ; меньше - следующая итерация
     35
     36	0023  80 FC 5A				     CMP AH , 5Ah ; сравнение с ASCII	'Z'
     37	0026  77 03				     JA	NEXT ; больше - следующая итерация
     38
     39	0028  E8 000F				     CALL ToUpperCase ;	подошло под оба условия -		    +
     40				     преобразование к верхнему регистру
     41
     42	002B				     NEXT:
     43	002B  43				     INC BX ; увеличение позиции символа
     44	002C  E2 E6				     LOOP CYCLE; cx --;	если cx == 0 - окончание цикла
     45
     46	002E  BA 0000r				     LEA DX, WORKTEXT
     47	0031  B4 09				     MOV AH, 09h ; вывод строки на	консоль
     48	0033  CD 21				     INT 21h
     49
     50	0035  B8 4C00				     MOV AX, 4C00h ; завершение программы
     51	0038  CD 21				     INT 21h
     52
     53	003A				     ToUpperCase PROC NEAR
     54	003A  80 CC 20					     OR	AH , 020h ; выставление 3-го бита кода	    +
     55				     символа
     56	003D  88 27					     MOV [BX] ,	AH ; обновление символа в строке
     57	003F  C3				     RET
Turbo Assembler	 Version 3.1	    01/14/24 22:15:22	    Page 2
SOURCE\lab7_1.ASM



     58	0040				     ToUpperCase ENDP
     59
     60	0040				     ToExclamation PROC	NEAR
     61	0040  B4 21					     MOV AH, 021h ; замена на '!'
     62	0042  88 27					     MOV [BX], AH ; обновление символа	в строке
     63	0044  C3				     RET
     64	0045				     ToExclamation ENDP
     65
     66				     END Start
